// Jest Snapshot v1, https://goo.gl/fbAQLP

exports[`renders correctly 1`] = `
<div
  className="MuiPaper-root MuiPaper-elevation MuiPaper-rounded MuiPaper-elevation1 welcomePage-paper-1 css-1ps6pg7-MuiPaper-root"
>
  <h1>
    Welcome to Cirrus CI.
  </h1>
  <p>
    Please 
    <a
      href="https://api.cirrus-ci.com/redirect/auth/github"
    >
      <strong>
        sign in
      </strong>
    </a>
     to see your recent builds.
  </p>
  <p>
    Just got here? Visit 
    <a
      href="https://cirrus-ci.org"
    >
      <strong>
        our documentation
      </strong>
    </a>
    .
  </p>
</div>
`;
