// Jest Snapshot v1, https://goo.gl/fbAQLP

exports[`renders correctly 1`] = `
<span
  className="MuiCircularProgress-root MuiCircularProgress-indeterminate MuiCircularProgress-colorPrimary css-18lrjg1-MuiCircularProgress-root"
  role="progressbar"
  style={
    Object {
      "color": "#0288d1",
      "height": 40,
      "width": 40,
    }
  }
>
  <svg
    className="MuiCircularProgress-svg css-1idz92c-MuiCircularProgress-svg"
    viewBox="22 22 44 44"
  >
    <circle
      className="MuiCircularProgress-circle MuiCircularProgress-circleIndeterminate css-176wh8e-MuiCircularProgress-circle"
      cx={44}
      cy={44}
      fill="none"
      r={20.2}
      strokeWidth={3.6}
      style={Object {}}
    />
  </svg>
</span>
`;
